00:09:11 **** Incremental Build of configuration Debug for project cube_renderer ****
make pre-build main-build 
a9-linaro-pre-build-step
' '
'Building file: ../src/main.c'
'Invoking: ARM v7 gcc compiler'
arm-none-eabi-gcc -Wall -O0 -g3 -c -fmessage-length=0 -MT"src/main.o" -mcpu=cortex-a9 -mfpu=vfpv3 -mfloat-abi=hard -I../../cube_renderer_bsp/ps7_cortexa9_0/include -MMD -MP -MF"src/main.d" -MT"src/main.o" -o "src/main.o" "../src/main.c"
../src/main.c: In function 'main':
../src/main.c:60:11: warning: unused variable 'debug_divider' [-Wunused-variable]
     float debug_divider = DEBUG_DEVIDER_INITAL_VALUE;
           ^
../src/main.c:29:9: warning: variable 'btnd_in_prev' set but not used [-Wunused-but-set-variable]
     u32 btnd_in_prev = 0;
         ^
../src/main.c:28:9: warning: variable 'btnu_in_prev' set but not used [-Wunused-but-set-variable]
     u32 btnu_in_prev = 0;
         ^
../src/main.c:27:9: warning: variable 'btnr_in_prev' set but not used [-Wunused-but-set-variable]
     u32 btnr_in_prev = 0;
         ^
../src/main.c:25:9: warning: variable 'btnc_in_prev' set but not used [-Wunused-but-set-variable]
     u32 btnc_in_prev = 0;
         ^
'Finished building: ../src/main.c'
' '
'Building target: cube_renderer.elf'
'Invoking: ARM v7 gcc linker'
arm-none-eabi-gcc -mcpu=cortex-a9 -mfpu=vfpv3 -mfloat-abi=hard -Wl,-build-id=none -specs=Xilinx.spec -Wl,-T -Wl,../src/lscript.ld -L../../cube_renderer_bsp/ps7_cortexa9_0/lib -o "cube_renderer.elf"  ./src/include/cube_renderer_controller_interface.o ./src/include/math3d.o  ./src/main.o ./src/platform.o   -lm -Wl,--start-group,-lxil,-lgcc,-lc,--end-group
'Finished building target: cube_renderer.elf'
' '
'Invoking: ARM v7 Print Size'
arm-none-eabi-size cube_renderer.elf  |tee "cube_renderer.elf.size"
   text	   data	    bss	    dec	    hex	filename
  64324	   2196	  22632	  89152	  15c40	cube_renderer.elf
'Finished building: cube_renderer.elf.size'
' '
00:09:14 **** Incremental Build of configuration Debug for project cube_renderer ****
make pre-build main-build 
a9-linaro-pre-build-step
' '
make: Nothing to be done for `main-build'.
00:09:41 **** Incremental Build of configuration Debug for project cube_renderer ****
make pre-build main-build 
a9-linaro-pre-build-step
' '
make: Nothing to be done for `main-build'.
00:10:26 **** Incremental Build of configuration Debug for project cube_renderer ****
make pre-build main-build 
a9-linaro-pre-build-step
' '
make: Nothing to be done for `main-build'.
00:11:42 **** Incremental Build of configuration Debug for project cube_renderer ****
make pre-build main-build 
a9-linaro-pre-build-step
' '
make: Nothing to be done for `main-build'.
