08:12:32 **** Incremental Build of configuration Debug for project renderer3d ****
make pre-build main-build 
a9-linaro-pre-build-step
' '
'Building file: ../src/include/math3d.c'
'Invoking: ARM v7 gcc compiler'
arm-none-eabi-gcc -Wall -O0 -g3 -c -fmessage-length=0 -MT"src/include/math3d.o" -mcpu=cortex-a9 -mfpu=vfpv3 -mfloat-abi=hard -I../../renderer3d_bsp/ps7_cortexa9_0/include -MMD -MP -MF"src/include/math3d.d" -MT"src/include/math3d.o" -o "src/include/math3d.o" "../src/include/math3d.c"
'Finished building: ../src/include/math3d.c'
' '
'Building target: renderer3d.elf'
'Invoking: ARM v7 gcc linker'
arm-none-eabi-gcc -mcpu=cortex-a9 -mfpu=vfpv3 -mfloat-abi=hard -Wl,-build-id=none -specs=Xilinx.spec -Wl,-T -Wl,../src/lscript.ld -L../../renderer3d_bsp/ps7_cortexa9_0/lib -o "renderer3d.elf"  ./src/include/math3d.o  ./src/main.o ./src/platform.o   -lm -Wl,--start-group,-lxil,-lgcc,-lc,--end-group
'Finished building target: renderer3d.elf'
' '
'Invoking: ARM v7 Print Size'
arm-none-eabi-size renderer3d.elf  |tee "renderer3d.elf.size"
   text	   data	    bss	    dec	    hex	filename
 106696	   2584	  23328	 132608	  20600	renderer3d.elf
'Finished building: renderer3d.elf.size'
' '
08:12:39 **** Incremental Build of configuration Debug for project renderer3d ****
make pre-build main-build 
a9-linaro-pre-build-step
' '
make: Nothing to be done for `main-build'.
08:12:42 **** Incremental Build of configuration Debug for project renderer3d ****
make pre-build main-build 
a9-linaro-pre-build-step
' '
make: Nothing to be done for `main-build'.
08:12:54 **** Incremental Build of configuration Debug for project renderer3d ****
make pre-build main-build 
a9-linaro-pre-build-step
' '
make: Nothing to be done for `main-build'.
08:13:18 **** Incremental Build of configuration Debug for project renderer3d ****
make pre-build main-build 
a9-linaro-pre-build-step
' '
'Building file: ../src/include/math3d.c'
'Invoking: ARM v7 gcc compiler'
arm-none-eabi-gcc -Wall -O0 -g3 -c -fmessage-length=0 -MT"src/include/math3d.o" -mcpu=cortex-a9 -mfpu=vfpv3 -mfloat-abi=hard -I../../renderer3d_bsp/ps7_cortexa9_0/include -MMD -MP -MF"src/include/math3d.d" -MT"src/include/math3d.o" -o "src/include/math3d.o" "../src/include/math3d.c"
'Finished building: ../src/include/math3d.c'
' '
'Building target: renderer3d.elf'
'Invoking: ARM v7 gcc linker'
arm-none-eabi-gcc -mcpu=cortex-a9 -mfpu=vfpv3 -mfloat-abi=hard -Wl,-build-id=none -specs=Xilinx.spec -Wl,-T -Wl,../src/lscript.ld -L../../renderer3d_bsp/ps7_cortexa9_0/lib -o "renderer3d.elf"  ./src/include/math3d.o  ./src/main.o ./src/platform.o   -lm -Wl,--start-group,-lxil,-lgcc,-lc,--end-group
'Finished building target: renderer3d.elf'
' '
'Invoking: ARM v7 Print Size'
arm-none-eabi-size renderer3d.elf  |tee "renderer3d.elf.size"
   text	   data	    bss	    dec	    hex	filename
 106512	   2584	  23328	 132424	  20548	renderer3d.elf
'Finished building: renderer3d.elf.size'
' '
08:13:58 **** Incremental Build of configuration Debug for project renderer3d ****
make pre-build main-build 
a9-linaro-pre-build-step
' '
'Building file: ../src/main.c'
'Invoking: ARM v7 gcc compiler'
arm-none-eabi-gcc -Wall -O0 -g3 -c -fmessage-length=0 -MT"src/main.o" -mcpu=cortex-a9 -mfpu=vfpv3 -mfloat-abi=hard -I../../renderer3d_bsp/ps7_cortexa9_0/include -MMD -MP -MF"src/main.d" -MT"src/main.o" -o "src/main.o" "../src/main.c"
../src/main.c: In function 'main':
../src/main.c:51:26: warning: missing braces around initializer [-Wmissing-braces]
     float scaled[8][3] = {0, 0, 0};
                          ^
../src/main.c:51:26: note: (near initialization for 'scaled')
../src/main.c:52:29: warning: missing braces around initializer [-Wmissing-braces]
     float rotated_z[8][3] = {0, 0, 0};
                             ^
../src/main.c:52:29: note: (near initialization for 'rotated_z')
../src/main.c:53:29: warning: missing braces around initializer [-Wmissing-braces]
     float rotated_y[8][3] = {0, 0, 0};
                             ^
../src/main.c:53:29: note: (near initialization for 'rotated_y')
../src/main.c:54:29: warning: missing braces around initializer [-Wmissing-braces]
     float rotated_x[8][3] = {0, 0, 0};
                             ^
../src/main.c:54:29: note: (near initialization for 'rotated_x')
../src/main.c:55:30: warning: missing braces around initializer [-Wmissing-braces]
     float translated[8][3] = {0, 0, 0};
                              ^
../src/main.c:55:30: note: (near initialization for 'translated')
../src/main.c:56:30: warning: missing braces around initializer [-Wmissing-braces]
     float screen_pos[8][2] = {0, 0};
                              ^
../src/main.c:56:30: note: (near initialization for 'screen_pos')
../src/main.c:54:11: warning: unused variable 'rotated_x' [-Wunused-variable]
     float rotated_x[8][3] = {0, 0, 0};
           ^
../src/main.c:53:11: warning: unused variable 'rotated_y' [-Wunused-variable]
     float rotated_y[8][3] = {0, 0, 0};
           ^
../src/main.c:52:11: warning: unused variable 'rotated_z' [-Wunused-variable]
     float rotated_z[8][3] = {0, 0, 0};
           ^
../src/main.c:51:11: warning: unused variable 'scaled' [-Wunused-variable]
     float scaled[8][3] = {0, 0, 0};
           ^
../src/main.c:40:11: warning: unused variable 'cube_scale' [-Wunused-variable]
     float cube_scale[3] = {100.0f, 100.0f, 100.0f};
           ^
../src/main.c:39:11: warning: unused variable 'cube_rot' [-Wunused-variable]
     float cube_rot[3] = {0.0f, 0.0f, 0.0f};
           ^
../src/main.c:33:9: warning: unused variable 'btnd_in' [-Wunused-variable]
     u32 btnd_in = 0;
         ^
../src/main.c:32:9: warning: unused variable 'btnu_in' [-Wunused-variable]
     u32 btnu_in = 0;
         ^
../src/main.c:31:9: warning: unused variable 'btnr_in' [-Wunused-variable]
     u32 btnr_in = 0;
         ^
../src/main.c:30:9: warning: unused variable 'btnl_in' [-Wunused-variable]
     u32 btnl_in = 0;
         ^
../src/main.c:29:9: warning: unused variable 'btnc_in' [-Wunused-variable]
     u32 btnc_in = 0;
         ^
'Finished building: ../src/main.c'
' '
'Building target: renderer3d.elf'
'Invoking: ARM v7 gcc linker'
arm-none-eabi-gcc -mcpu=cortex-a9 -mfpu=vfpv3 -mfloat-abi=hard -Wl,-build-id=none -specs=Xilinx.spec -Wl,-T -Wl,../src/lscript.ld -L../../renderer3d_bsp/ps7_cortexa9_0/lib -o "renderer3d.elf"  ./src/include/math3d.o  ./src/main.o ./src/platform.o   -lm -Wl,--start-group,-lxil,-lgcc,-lc,--end-group
'Finished building target: renderer3d.elf'
' '
'Invoking: ARM v7 Print Size'
arm-none-eabi-size renderer3d.elf  |tee "renderer3d.elf.size"
   text	   data	    bss	    dec	    hex	filename
 106512	   2584	  23328	 132424	  20548	renderer3d.elf
'Finished building: renderer3d.elf.size'
' '
08:14:34 **** Incremental Build of configuration Debug for project renderer3d ****
make pre-build main-build 
a9-linaro-pre-build-step
' '
'Building file: ../src/main.c'
'Invoking: ARM v7 gcc compiler'
arm-none-eabi-gcc -Wall -O0 -g3 -c -fmessage-length=0 -MT"src/main.o" -mcpu=cortex-a9 -mfpu=vfpv3 -mfloat-abi=hard -I../../renderer3d_bsp/ps7_cortexa9_0/include -MMD -MP -MF"src/main.d" -MT"src/main.o" -o "src/main.o" "../src/main.c"
../src/main.c: In function 'main':
../src/main.c:51:26: warning: missing braces around initializer [-Wmissing-braces]
     float scaled[8][3] = {0, 0, 0};
                          ^
../src/main.c:51:26: note: (near initialization for 'scaled')
../src/main.c:52:29: warning: missing braces around initializer [-Wmissing-braces]
     float rotated_z[8][3] = {0, 0, 0};
                             ^
../src/main.c:52:29: note: (near initialization for 'rotated_z')
../src/main.c:53:29: warning: missing braces around initializer [-Wmissing-braces]
     float rotated_y[8][3] = {0, 0, 0};
                             ^
../src/main.c:53:29: note: (near initialization for 'rotated_y')
../src/main.c:54:29: warning: missing braces around initializer [-Wmissing-braces]
     float rotated_x[8][3] = {0, 0, 0};
                             ^
../src/main.c:54:29: note: (near initialization for 'rotated_x')
../src/main.c:55:30: warning: missing braces around initializer [-Wmissing-braces]
     float translated[8][3] = {0, 0, 0};
                              ^
../src/main.c:55:30: note: (near initialization for 'translated')
../src/main.c:56:30: warning: missing braces around initializer [-Wmissing-braces]
     float screen_pos[8][2] = {0, 0};
                              ^
../src/main.c:56:30: note: (near initialization for 'screen_pos')
../src/main.c:54:11: warning: unused variable 'rotated_x' [-Wunused-variable]
     float rotated_x[8][3] = {0, 0, 0};
           ^
../src/main.c:53:11: warning: unused variable 'rotated_y' [-Wunused-variable]
     float rotated_y[8][3] = {0, 0, 0};
           ^
../src/main.c:52:11: warning: unused variable 'rotated_z' [-Wunused-variable]
     float rotated_z[8][3] = {0, 0, 0};
           ^
../src/main.c:51:11: warning: unused variable 'scaled' [-Wunused-variable]
     float scaled[8][3] = {0, 0, 0};
           ^
../src/main.c:40:11: warning: unused variable 'cube_scale' [-Wunused-variable]
     float cube_scale[3] = {10000.0f, 10000.0f, 10000.0f};
           ^
../src/main.c:39:11: warning: unused variable 'cube_rot' [-Wunused-variable]
     float cube_rot[3] = {0.0f, 0.0f, 0.0f};
           ^
../src/main.c:33:9: warning: unused variable 'btnd_in' [-Wunused-variable]
     u32 btnd_in = 0;
         ^
../src/main.c:32:9: warning: unused variable 'btnu_in' [-Wunused-variable]
     u32 btnu_in = 0;
         ^
../src/main.c:31:9: warning: unused variable 'btnr_in' [-Wunused-variable]
     u32 btnr_in = 0;
         ^
../src/main.c:30:9: warning: unused variable 'btnl_in' [-Wunused-variable]
     u32 btnl_in = 0;
         ^
../src/main.c:29:9: warning: unused variable 'btnc_in' [-Wunused-variable]
     u32 btnc_in = 0;
         ^
'Finished building: ../src/main.c'
' '
'Building target: renderer3d.elf'
'Invoking: ARM v7 gcc linker'
arm-none-eabi-gcc -mcpu=cortex-a9 -mfpu=vfpv3 -mfloat-abi=hard -Wl,-build-id=none -specs=Xilinx.spec -Wl,-T -Wl,../src/lscript.ld -L../../renderer3d_bsp/ps7_cortexa9_0/lib -o "renderer3d.elf"  ./src/include/math3d.o  ./src/main.o ./src/platform.o   -lm -Wl,--start-group,-lxil,-lgcc,-lc,--end-group
'Finished building target: renderer3d.elf'
' '
'Invoking: ARM v7 Print Size'
arm-none-eabi-size renderer3d.elf  |tee "renderer3d.elf.size"
   text	   data	    bss	    dec	    hex	filename
 106512	   2584	  23328	 132424	  20548	renderer3d.elf
'Finished building: renderer3d.elf.size'
' '
08:15:06 **** Incremental Build of configuration Debug for project renderer3d ****
make pre-build main-build 
a9-linaro-pre-build-step
' '
'Building file: ../src/main.c'
'Invoking: ARM v7 gcc compiler'
arm-none-eabi-gcc -Wall -O0 -g3 -c -fmessage-length=0 -MT"src/main.o" -mcpu=cortex-a9 -mfpu=vfpv3 -mfloat-abi=hard -I../../renderer3d_bsp/ps7_cortexa9_0/include -MMD -MP -MF"src/main.d" -MT"src/main.o" -o "src/main.o" "../src/main.c"
../src/main.c: In function 'main':
../src/main.c:51:26: warning: missing braces around initializer [-Wmissing-braces]
     float scaled[8][3] = {0, 0, 0};
                          ^
../src/main.c:51:26: note: (near initialization for 'scaled')
../src/main.c:52:29: warning: missing braces around initializer [-Wmissing-braces]
     float rotated_z[8][3] = {0, 0, 0};
                             ^
../src/main.c:52:29: note: (near initialization for 'rotated_z')
../src/main.c:53:29: warning: missing braces around initializer [-Wmissing-braces]
     float rotated_y[8][3] = {0, 0, 0};
                             ^
../src/main.c:53:29: note: (near initialization for 'rotated_y')
../src/main.c:54:29: warning: missing braces around initializer [-Wmissing-braces]
     float rotated_x[8][3] = {0, 0, 0};
                             ^
../src/main.c:54:29: note: (near initialization for 'rotated_x')
../src/main.c:55:30: warning: missing braces around initializer [-Wmissing-braces]
     float translated[8][3] = {0, 0, 0};
                              ^
../src/main.c:55:30: note: (near initialization for 'translated')
../src/main.c:56:30: warning: missing braces around initializer [-Wmissing-braces]
     float screen_pos[8][2] = {0, 0};
                              ^
../src/main.c:56:30: note: (near initialization for 'screen_pos')
../src/main.c:54:11: warning: unused variable 'rotated_x' [-Wunused-variable]
     float rotated_x[8][3] = {0, 0, 0};
           ^
../src/main.c:53:11: warning: unused variable 'rotated_y' [-Wunused-variable]
     float rotated_y[8][3] = {0, 0, 0};
           ^
../src/main.c:52:11: warning: unused variable 'rotated_z' [-Wunused-variable]
     float rotated_z[8][3] = {0, 0, 0};
           ^
../src/main.c:51:11: warning: unused variable 'scaled' [-Wunused-variable]
     float scaled[8][3] = {0, 0, 0};
           ^
../src/main.c:40:11: warning: unused variable 'cube_scale' [-Wunused-variable]
     float cube_scale[3] = {10000.0f, 10000.0f, 10000.0f};
           ^
../src/main.c:39:11: warning: unused variable 'cube_rot' [-Wunused-variable]
     float cube_rot[3] = {0.0f, 0.0f, 0.0f};
           ^
../src/main.c:33:9: warning: unused variable 'btnd_in' [-Wunused-variable]
     u32 btnd_in = 0;
         ^
../src/main.c:32:9: warning: unused variable 'btnu_in' [-Wunused-variable]
     u32 btnu_in = 0;
         ^
../src/main.c:31:9: warning: unused variable 'btnr_in' [-Wunused-variable]
     u32 btnr_in = 0;
         ^
../src/main.c:30:9: warning: unused variable 'btnl_in' [-Wunused-variable]
     u32 btnl_in = 0;
         ^
../src/main.c:29:9: warning: unused variable 'btnc_in' [-Wunused-variable]
     u32 btnc_in = 0;
         ^
'Finished building: ../src/main.c'
' '
'Building target: renderer3d.elf'
'Invoking: ARM v7 gcc linker'
arm-none-eabi-gcc -mcpu=cortex-a9 -mfpu=vfpv3 -mfloat-abi=hard -Wl,-build-id=none -specs=Xilinx.spec -Wl,-T -Wl,../src/lscript.ld -L../../renderer3d_bsp/ps7_cortexa9_0/lib -o "renderer3d.elf"  ./src/include/math3d.o  ./src/main.o ./src/platform.o   -lm -Wl,--start-group,-lxil,-lgcc,-lc,--end-group
'Finished building target: renderer3d.elf'
' '
'Invoking: ARM v7 Print Size'
arm-none-eabi-size renderer3d.elf  |tee "renderer3d.elf.size"
   text	   data	    bss	    dec	    hex	filename
 106512	   2584	  23328	 132424	  20548	renderer3d.elf
'Finished building: renderer3d.elf.size'
' '
08:15:46 **** Incremental Build of configuration Debug for project renderer3d ****
make pre-build main-build 
a9-linaro-pre-build-step
' '
'Building file: ../src/main.c'
'Invoking: ARM v7 gcc compiler'
arm-none-eabi-gcc -Wall -O0 -g3 -c -fmessage-length=0 -MT"src/main.o" -mcpu=cortex-a9 -mfpu=vfpv3 -mfloat-abi=hard -I../../renderer3d_bsp/ps7_cortexa9_0/include -MMD -MP -MF"src/main.d" -MT"src/main.o" -o "src/main.o" "../src/main.c"
../src/main.c: In function 'main':
../src/main.c:51:26: warning: missing braces around initializer [-Wmissing-braces]
     float scaled[8][3] = {0, 0, 0};
                          ^
../src/main.c:51:26: note: (near initialization for 'scaled')
../src/main.c:52:29: warning: missing braces around initializer [-Wmissing-braces]
     float rotated_z[8][3] = {0, 0, 0};
                             ^
../src/main.c:52:29: note: (near initialization for 'rotated_z')
../src/main.c:53:29: warning: missing braces around initializer [-Wmissing-braces]
     float rotated_y[8][3] = {0, 0, 0};
                             ^
../src/main.c:53:29: note: (near initialization for 'rotated_y')
../src/main.c:54:29: warning: missing braces around initializer [-Wmissing-braces]
     float rotated_x[8][3] = {0, 0, 0};
                             ^
../src/main.c:54:29: note: (near initialization for 'rotated_x')
../src/main.c:55:30: warning: missing braces around initializer [-Wmissing-braces]
     float translated[8][3] = {0, 0, 0};
                              ^
../src/main.c:55:30: note: (near initialization for 'translated')
../src/main.c:56:30: warning: missing braces around initializer [-Wmissing-braces]
     float screen_pos[8][2] = {0, 0};
                              ^
../src/main.c:56:30: note: (near initialization for 'screen_pos')
../src/main.c:33:9: warning: unused variable 'btnd_in' [-Wunused-variable]
     u32 btnd_in = 0;
         ^
../src/main.c:32:9: warning: unused variable 'btnu_in' [-Wunused-variable]
     u32 btnu_in = 0;
         ^
../src/main.c:31:9: warning: unused variable 'btnr_in' [-Wunused-variable]
     u32 btnr_in = 0;
         ^
../src/main.c:30:9: warning: unused variable 'btnl_in' [-Wunused-variable]
     u32 btnl_in = 0;
         ^
../src/main.c:29:9: warning: unused variable 'btnc_in' [-Wunused-variable]
     u32 btnc_in = 0;
         ^
'Finished building: ../src/main.c'
' '
'Building target: renderer3d.elf'
'Invoking: ARM v7 gcc linker'
arm-none-eabi-gcc -mcpu=cortex-a9 -mfpu=vfpv3 -mfloat-abi=hard -Wl,-build-id=none -specs=Xilinx.spec -Wl,-T -Wl,../src/lscript.ld -L../../renderer3d_bsp/ps7_cortexa9_0/lib -o "renderer3d.elf"  ./src/include/math3d.o  ./src/main.o ./src/platform.o   -lm -Wl,--start-group,-lxil,-lgcc,-lc,--end-group
'Finished building target: renderer3d.elf'
' '
'Invoking: ARM v7 Print Size'
arm-none-eabi-size renderer3d.elf  |tee "renderer3d.elf.size"
   text	   data	    bss	    dec	    hex	filename
 106896	   2584	  23328	 132808	  206c8	renderer3d.elf
'Finished building: renderer3d.elf.size'
' '
08:16:37 **** Incremental Build of configuration Debug for project renderer3d ****
make pre-build main-build 
a9-linaro-pre-build-step
' '
'Building file: ../src/main.c'
'Invoking: ARM v7 gcc compiler'
arm-none-eabi-gcc -Wall -O0 -g3 -c -fmessage-length=0 -MT"src/main.o" -mcpu=cortex-a9 -mfpu=vfpv3 -mfloat-abi=hard -I../../renderer3d_bsp/ps7_cortexa9_0/include -MMD -MP -MF"src/main.d" -MT"src/main.o" -o "src/main.o" "../src/main.c"
../src/main.c: In function 'main':
../src/main.c:51:26: warning: missing braces around initializer [-Wmissing-braces]
     float scaled[8][3] = {0, 0, 0};
                          ^
../src/main.c:51:26: note: (near initialization for 'scaled')
../src/main.c:52:29: warning: missing braces around initializer [-Wmissing-braces]
     float rotated_z[8][3] = {0, 0, 0};
                             ^
../src/main.c:52:29: note: (near initialization for 'rotated_z')
../src/main.c:53:29: warning: missing braces around initializer [-Wmissing-braces]
     float rotated_y[8][3] = {0, 0, 0};
                             ^
../src/main.c:53:29: note: (near initialization for 'rotated_y')
../src/main.c:54:29: warning: missing braces around initializer [-Wmissing-braces]
     float rotated_x[8][3] = {0, 0, 0};
                             ^
../src/main.c:54:29: note: (near initialization for 'rotated_x')
../src/main.c:55:30: warning: missing braces around initializer [-Wmissing-braces]
     float translated[8][3] = {0, 0, 0};
                              ^
../src/main.c:55:30: note: (near initialization for 'translated')
../src/main.c:56:30: warning: missing braces around initializer [-Wmissing-braces]
     float screen_pos[8][2] = {0, 0};
                              ^
../src/main.c:56:30: note: (near initialization for 'screen_pos')
../src/main.c:33:9: warning: unused variable 'btnd_in' [-Wunused-variable]
     u32 btnd_in = 0;
         ^
../src/main.c:32:9: warning: unused variable 'btnu_in' [-Wunused-variable]
     u32 btnu_in = 0;
         ^
../src/main.c:31:9: warning: unused variable 'btnr_in' [-Wunused-variable]
     u32 btnr_in = 0;
         ^
../src/main.c:30:9: warning: unused variable 'btnl_in' [-Wunused-variable]
     u32 btnl_in = 0;
         ^
../src/main.c:29:9: warning: unused variable 'btnc_in' [-Wunused-variable]
     u32 btnc_in = 0;
         ^
'Finished building: ../src/main.c'
' '
'Building target: renderer3d.elf'
'Invoking: ARM v7 gcc linker'
arm-none-eabi-gcc -mcpu=cortex-a9 -mfpu=vfpv3 -mfloat-abi=hard -Wl,-build-id=none -specs=Xilinx.spec -Wl,-T -Wl,../src/lscript.ld -L../../renderer3d_bsp/ps7_cortexa9_0/lib -o "renderer3d.elf"  ./src/include/math3d.o  ./src/main.o ./src/platform.o   -lm -Wl,--start-group,-lxil,-lgcc,-lc,--end-group
'Finished building target: renderer3d.elf'
' '
'Invoking: ARM v7 Print Size'
arm-none-eabi-size renderer3d.elf  |tee "renderer3d.elf.size"
   text	   data	    bss	    dec	    hex	filename
 106832	   2584	  23328	 132744	  20688	renderer3d.elf
'Finished building: renderer3d.elf.size'
' '
08:17:23 **** Incremental Build of configuration Debug for project renderer3d ****
make pre-build main-build 
a9-linaro-pre-build-step
' '
'Building file: ../src/main.c'
'Invoking: ARM v7 gcc compiler'
arm-none-eabi-gcc -Wall -O0 -g3 -c -fmessage-length=0 -MT"src/main.o" -mcpu=cortex-a9 -mfpu=vfpv3 -mfloat-abi=hard -I../../renderer3d_bsp/ps7_cortexa9_0/include -MMD -MP -MF"src/main.d" -MT"src/main.o" -o "src/main.o" "../src/main.c"
../src/main.c: In function 'main':
../src/main.c:51:26: warning: missing braces around initializer [-Wmissing-braces]
     float scaled[8][3] = {0, 0, 0};
                          ^
../src/main.c:51:26: note: (near initialization for 'scaled')
../src/main.c:52:29: warning: missing braces around initializer [-Wmissing-braces]
     float rotated_z[8][3] = {0, 0, 0};
                             ^
../src/main.c:52:29: note: (near initialization for 'rotated_z')
../src/main.c:53:29: warning: missing braces around initializer [-Wmissing-braces]
     float rotated_y[8][3] = {0, 0, 0};
                             ^
../src/main.c:53:29: note: (near initialization for 'rotated_y')
../src/main.c:54:29: warning: missing braces around initializer [-Wmissing-braces]
     float rotated_x[8][3] = {0, 0, 0};
                             ^
../src/main.c:54:29: note: (near initialization for 'rotated_x')
../src/main.c:55:30: warning: missing braces around initializer [-Wmissing-braces]
     float translated[8][3] = {0, 0, 0};
                              ^
../src/main.c:55:30: note: (near initialization for 'translated')
../src/main.c:56:30: warning: missing braces around initializer [-Wmissing-braces]
     float screen_pos[8][2] = {0, 0};
                              ^
../src/main.c:56:30: note: (near initialization for 'screen_pos')
../src/main.c:33:9: warning: unused variable 'btnd_in' [-Wunused-variable]
     u32 btnd_in = 0;
         ^
../src/main.c:32:9: warning: unused variable 'btnu_in' [-Wunused-variable]
     u32 btnu_in = 0;
         ^
../src/main.c:31:9: warning: unused variable 'btnr_in' [-Wunused-variable]
     u32 btnr_in = 0;
         ^
../src/main.c:30:9: warning: unused variable 'btnl_in' [-Wunused-variable]
     u32 btnl_in = 0;
         ^
../src/main.c:29:9: warning: unused variable 'btnc_in' [-Wunused-variable]
     u32 btnc_in = 0;
         ^
'Finished building: ../src/main.c'
' '
'Building target: renderer3d.elf'
'Invoking: ARM v7 gcc linker'
arm-none-eabi-gcc -mcpu=cortex-a9 -mfpu=vfpv3 -mfloat-abi=hard -Wl,-build-id=none -specs=Xilinx.spec -Wl,-T -Wl,../src/lscript.ld -L../../renderer3d_bsp/ps7_cortexa9_0/lib -o "renderer3d.elf"  ./src/include/math3d.o  ./src/main.o ./src/platform.o   -lm -Wl,--start-group,-lxil,-lgcc,-lc,--end-group
'Finished building target: renderer3d.elf'
' '
'Invoking: ARM v7 Print Size'
arm-none-eabi-size renderer3d.elf  |tee "renderer3d.elf.size"
   text	   data	    bss	    dec	    hex	filename
 106832	   2584	  23328	 132744	  20688	renderer3d.elf
'Finished building: renderer3d.elf.size'
' '
08:19:22 **** Incremental Build of configuration Debug for project renderer3d ****
make pre-build main-build 
a9-linaro-pre-build-step
' '
'Building file: ../src/main.c'
'Invoking: ARM v7 gcc compiler'
arm-none-eabi-gcc -Wall -O0 -g3 -c -fmessage-length=0 -MT"src/main.o" -mcpu=cortex-a9 -mfpu=vfpv3 -mfloat-abi=hard -I../../renderer3d_bsp/ps7_cortexa9_0/include -MMD -MP -MF"src/main.d" -MT"src/main.o" -o "src/main.o" "../src/main.c"
../src/main.c: In function 'main':
../src/main.c:33:9: warning: unused variable 'btnd_in' [-Wunused-variable]
     u32 btnd_in = 0;
         ^
../src/main.c:32:9: warning: unused variable 'btnu_in' [-Wunused-variable]
     u32 btnu_in = 0;
         ^
../src/main.c:31:9: warning: unused variable 'btnr_in' [-Wunused-variable]
     u32 btnr_in = 0;
         ^
../src/main.c:30:9: warning: unused variable 'btnl_in' [-Wunused-variable]
     u32 btnl_in = 0;
         ^
../src/main.c:29:9: warning: unused variable 'btnc_in' [-Wunused-variable]
     u32 btnc_in = 0;
         ^
'Finished building: ../src/main.c'
' '
'Building target: renderer3d.elf'
'Invoking: ARM v7 gcc linker'
arm-none-eabi-gcc -mcpu=cortex-a9 -mfpu=vfpv3 -mfloat-abi=hard -Wl,-build-id=none -specs=Xilinx.spec -Wl,-T -Wl,../src/lscript.ld -L../../renderer3d_bsp/ps7_cortexa9_0/lib -o "renderer3d.elf"  ./src/include/math3d.o  ./src/main.o ./src/platform.o   -lm -Wl,--start-group,-lxil,-lgcc,-lc,--end-group
'Finished building target: renderer3d.elf'
' '
'Invoking: ARM v7 Print Size'
arm-none-eabi-size renderer3d.elf  |tee "renderer3d.elf.size"
   text	   data	    bss	    dec	    hex	filename
 106832	   2584	  23328	 132744	  20688	renderer3d.elf
'Finished building: renderer3d.elf.size'
' '
08:20:25 **** Incremental Build of configuration Debug for project renderer3d ****
make pre-build main-build 
a9-linaro-pre-build-step
' '
'Building file: ../src/main.c'
'Invoking: ARM v7 gcc compiler'
arm-none-eabi-gcc -Wall -O0 -g3 -c -fmessage-length=0 -MT"src/main.o" -mcpu=cortex-a9 -mfpu=vfpv3 -mfloat-abi=hard -I../../renderer3d_bsp/ps7_cortexa9_0/include -MMD -MP -MF"src/main.d" -MT"src/main.o" -o "src/main.o" "../src/main.c"
../src/main.c: In function 'main':
../src/main.c:33:9: warning: unused variable 'btnd_in' [-Wunused-variable]
     u32 btnd_in = 0;
         ^
../src/main.c:32:9: warning: unused variable 'btnu_in' [-Wunused-variable]
     u32 btnu_in = 0;
         ^
../src/main.c:31:9: warning: unused variable 'btnr_in' [-Wunused-variable]
     u32 btnr_in = 0;
         ^
../src/main.c:30:9: warning: unused variable 'btnl_in' [-Wunused-variable]
     u32 btnl_in = 0;
         ^
../src/main.c:29:9: warning: unused variable 'btnc_in' [-Wunused-variable]
     u32 btnc_in = 0;
         ^
'Finished building: ../src/main.c'
' '
'Building target: renderer3d.elf'
'Invoking: ARM v7 gcc linker'
arm-none-eabi-gcc -mcpu=cortex-a9 -mfpu=vfpv3 -mfloat-abi=hard -Wl,-build-id=none -specs=Xilinx.spec -Wl,-T -Wl,../src/lscript.ld -L../../renderer3d_bsp/ps7_cortexa9_0/lib -o "renderer3d.elf"  ./src/include/math3d.o  ./src/main.o ./src/platform.o   -lm -Wl,--start-group,-lxil,-lgcc,-lc,--end-group
'Finished building target: renderer3d.elf'
' '
'Invoking: ARM v7 Print Size'
arm-none-eabi-size renderer3d.elf  |tee "renderer3d.elf.size"
   text	   data	    bss	    dec	    hex	filename
 106832	   2584	  23328	 132744	  20688	renderer3d.elf
'Finished building: renderer3d.elf.size'
' '
08:24:31 **** Auto Build of configuration Debug for project renderer3d ****
make pre-build main-build 
a9-linaro-pre-build-step
' '
'Building file: ../src/main.c'
'Invoking: ARM v7 gcc compiler'
arm-none-eabi-gcc -Wall -O0 -g3 -c -fmessage-length=0 -MT"src/main.o" -mcpu=cortex-a9 -mfpu=vfpv3 -mfloat-abi=hard -I../../renderer3d_bsp/ps7_cortexa9_0/include -MMD -MP -MF"src/main.d" -MT"src/main.o" -o "src/main.o" "../src/main.c"
../src/main.c: In function 'main':
../src/main.c:38:9: warning: unused variable 'line_indices' [-Wunused-variable]
     int line_indices[24] = {0, 1, 0, 2, 0, 4, 1, 3, 1, 5, 2, 3, 2, 6, 3, 7, 4, 5, 4, 6, 5, 7, 6, 7};
         ^
../src/main.c:33:9: warning: unused variable 'btnd_in' [-Wunused-variable]
     u32 btnd_in = 0;
         ^
../src/main.c:32:9: warning: unused variable 'btnu_in' [-Wunused-variable]
     u32 btnu_in = 0;
         ^
../src/main.c:31:9: warning: unused variable 'btnr_in' [-Wunused-variable]
     u32 btnr_in = 0;
         ^
../src/main.c:30:9: warning: unused variable 'btnl_in' [-Wunused-variable]
     u32 btnl_in = 0;
         ^
../src/main.c:29:9: warning: unused variable 'btnc_in' [-Wunused-variable]
     u32 btnc_in = 0;
         ^
'Finished building: ../src/main.c'
' '
'Building target: renderer3d.elf'
'Invoking: ARM v7 gcc linker'
arm-none-eabi-gcc -mcpu=cortex-a9 -mfpu=vfpv3 -mfloat-abi=hard -Wl,-build-id=none -specs=Xilinx.spec -Wl,-T -Wl,../src/lscript.ld -L../../renderer3d_bsp/ps7_cortexa9_0/lib -o "renderer3d.elf"  ./src/include/math3d.o  ./src/main.o ./src/platform.o   -lm -Wl,--start-group,-lxil,-lgcc,-lc,--end-group
'Finished building target: renderer3d.elf'
' '
'Invoking: ARM v7 Print Size'
arm-none-eabi-size renderer3d.elf  |tee "renderer3d.elf.size"
   text	   data	    bss	    dec	    hex	filename
 106928	   2584	  23328	 132840	  206e8	renderer3d.elf
'Finished building: renderer3d.elf.size'
' '
